// Jest Snapshot v1, https://goo.gl/fbAQLP

exports[`DonutChart Test snapshot 1`] = `
<svg
  data-test="donutChartComponent"
/>
`;
